D:\PhD\texas_tech\.venv\Lib\site-packages\timm\models\layers\__init__.py:49: FutureWarning: Importing from timm.models.layers is deprecated, please import via timm.layers
  warnings.warn(f"Importing from {__name__} is deprecated, please import via timm.layers", FutureWarning)
D:\PhD\texas_tech\.venv\Lib\site-packages\timm\models\helpers.py:7: FutureWarning: Importing from timm.models.helpers is deprecated, please import via timm.models
  warnings.warn(f"Importing from {__name__} is deprecated, please import via timm.models", FutureWarning)
{"epoch": 1, "loss": 1.434295892715454, "val_dice": 0.02888840634290589, "val_iou": 0.014898921872210293, "seconds": 2.6548023000000285, "lr": 0.0001}
{"epoch": 2, "loss": 1.3170394897460938, "val_dice": 0.007961133539312548, "val_iou": 0.004004612882900651, "seconds": 1.5948707000002287, "lr": 0.0001}
{"epoch": 3, "loss": 1.2317335605621338, "val_dice": 0.046352294397013244, "val_iou": 0.024023940716908512, "seconds": 1.5920750000000226, "lr": 0.0001}
{"epoch": 4, "loss": 1.1639466285705566, "val_dice": 0.14167879911508233, "val_iou": 0.07840923778570559, "seconds": 1.6486914000001889, "lr": 0.0001}
{"epoch": 5, "loss": 1.1110119819641113, "val_dice": 0.14867404536862514, "val_iou": 0.08263315722171294, "seconds": 1.6337929000001168, "lr": 0.0001}
{"epoch": 6, "loss": 1.066372275352478, "val_dice": 0.15321708042322227, "val_iou": 0.08553529741514232, "seconds": 1.6222263000004205, "lr": 0.0001}
{"epoch": 7, "loss": 1.0297839641571045, "val_dice": 0.5784681628117272, "val_iou": 0.4172313434323405, "seconds": 1.6320609999997941, "lr": 0.0001}
{"epoch": 8, "loss": 0.9977066516876221, "val_dice": 0.8643769651130244, "val_iou": 0.7620968324145516, "seconds": 1.623159300000225, "lr": 0.0001}
{"epoch": 9, "loss": 0.973483681678772, "val_dice": 0.8666405691176223, "val_iou": 0.7656530635677363, "seconds": 1.6746004000001449, "lr": 0.0001}
{"epoch": 10, "loss": 0.945781409740448, "val_dice": 0.8713266576002672, "val_iou": 0.7729445559471824, "seconds": 1.6095829000000776, "lr": 0.0001}
{"epoch": 11, "loss": 0.9279799461364746, "val_dice": 0.8732644916274257, "val_iou": 0.7760533206258404, "seconds": 1.6528221999997186, "lr": 0.0001}
{"epoch": 12, "loss": 0.9034889936447144, "val_dice": 0.8743481790493666, "val_iou": 0.7776110766206892, "seconds": 1.6518384000000879, "lr": 0.0001}
{"epoch": 13, "loss": 0.8827480673789978, "val_dice": 0.8762016317263657, "val_iou": 0.7805836682450861, "seconds": 1.6397772999998779, "lr": 0.0001}
{"epoch": 14, "loss": 0.8606741428375244, "val_dice": 0.8747078989216496, "val_iou": 0.7781718801099107, "seconds": 1.6047044000001733, "lr": 0.0001}
{"epoch": 15, "loss": 0.8355028033256531, "val_dice": 0.880102979512912, "val_iou": 0.7866708069946848, "seconds": 1.5641542000003028, "lr": 0.0001}
{"epoch": 16, "loss": 0.8099319338798523, "val_dice": 0.8795118967065825, "val_iou": 0.7857404887748796, "seconds": 1.5850789999999506, "lr": 0.0001}
{"epoch": 17, "loss": 0.7836474180221558, "val_dice": 0.8813609334587649, "val_iou": 0.7886542613664486, "seconds": 1.5828521999997065, "lr": 0.0001}
{"epoch": 18, "loss": 0.7546849250793457, "val_dice": 0.8711809854231164, "val_iou": 0.7725568365999933, "seconds": 1.5533655000003819, "lr": 0.0001}
{"epoch": 19, "loss": 0.7138213515281677, "val_dice": 0.8795626552234129, "val_iou": 0.7857503073392791, "seconds": 1.4945393000002696, "lr": 0.0001}
{"epoch": 20, "loss": 0.6813685297966003, "val_dice": 0.8831565692263068, "val_iou": 0.7914975913050746, "seconds": 1.6261423999999352, "lr": 0.0001}
{"epoch": 21, "loss": 0.6394760012626648, "val_dice": 0.8688563642715711, "val_iou": 0.768947165255741, "seconds": 1.5549321999997119, "lr": 0.0001}
{"epoch": 22, "loss": 0.5931811332702637, "val_dice": 0.8795730859949766, "val_iou": 0.7857961346406805, "seconds": 1.552844499999992, "lr": 0.0001}
{"epoch": 23, "loss": 0.539347767829895, "val_dice": 0.8738522356987611, "val_iou": 0.7767395990722025, "seconds": 1.5640094000000317, "lr": 0.0001}
{"epoch": 24, "loss": 0.47559937834739685, "val_dice": 0.8862999144602788, "val_iou": 0.7966031183137345, "seconds": 1.64347029999999, "lr": 0.0001}
{"epoch": 25, "loss": 0.39028725028038025, "val_dice": 0.8741624333007574, "val_iou": 0.7772334000261675, "seconds": 1.55994869999995, "lr": 0.0001}
{"epoch": 26, "loss": 0.3244248032569885, "val_dice": 0.8807379117626628, "val_iou": 0.7876775199975175, "seconds": 1.6079391000002943, "lr": 0.0001}
{"epoch": 27, "loss": 0.2743566036224365, "val_dice": 0.8901416060870175, "val_iou": 0.8027509631050717, "seconds": 1.6363172000001214, "lr": 0.0001}
{"epoch": 28, "loss": 0.2649250626564026, "val_dice": 0.883065346210719, "val_iou": 0.7913926127684566, "seconds": 1.576246699999956, "lr": 0.0001}
{"epoch": 29, "loss": 0.24613937735557556, "val_dice": 0.8864350417202234, "val_iou": 0.7967793983307825, "seconds": 1.5740350999999464, "lr": 0.0001}
{"epoch": 30, "loss": 0.25097477436065674, "val_dice": 0.8899985542376632, "val_iou": 0.8024306964779944, "seconds": 1.5804124000001138, "lr": 0.0001}
{"epoch": 31, "loss": 0.24775813519954681, "val_dice": 0.8862478111852898, "val_iou": 0.7964861399783945, "seconds": 1.5838247000001502, "lr": 0.0001}
{"epoch": 32, "loss": 0.23501631617546082, "val_dice": 0.885441112952156, "val_iou": 0.7951413192481869, "seconds": 1.5848799000000326, "lr": 0.0001}
{"epoch": 33, "loss": 0.23068997263908386, "val_dice": 0.8875702875425981, "val_iou": 0.798589630962351, "seconds": 1.576192500000161, "lr": 0.0001}
{"epoch": 34, "loss": 0.23195388913154602, "val_dice": 0.8886743521793552, "val_iou": 0.8003721919593969, "seconds": 1.5805568000000676, "lr": 0.0001}
{"epoch": 35, "loss": 0.2351381480693817, "val_dice": 0.8869798374501277, "val_iou": 0.7976111770658723, "seconds": 1.584418899999946, "lr": 0.0001}
{"epoch": 36, "loss": 0.22342263162136078, "val_dice": 0.887537091437421, "val_iou": 0.7985376984720505, "seconds": 1.5750490999998874, "lr": 0.0001}
{"epoch": 37, "loss": 0.23188111186027527, "val_dice": 0.8870558462581744, "val_iou": 0.7977420584321642, "seconds": 1.6569158000002062, "lr": 0.0001}
{"epoch": 38, "loss": 0.21843767166137695, "val_dice": 0.8882160431134818, "val_iou": 0.7996154474853536, "seconds": 1.6543383000002905, "lr": 0.0001}
{"epoch": 39, "loss": 0.23263394832611084, "val_dice": 0.8855339222046552, "val_iou": 0.7953073773807611, "seconds": 1.6671722000000955, "lr": 0.0001}
{"epoch": 40, "loss": 0.21980217099189758, "val_dice": 0.8872679743132275, "val_iou": 0.7981493445656864, "seconds": 1.6595712999996977, "lr": 0.0001}
{"epoch": 41, "loss": 0.21752941608428955, "val_dice": 0.8889612805336404, "val_iou": 0.8008465175974777, "seconds": 1.6367977999998402, "lr": 0.0001}
{"epoch": 42, "loss": 0.2173880934715271, "val_dice": 0.8861429104317877, "val_iou": 0.7962874837711488, "seconds": 1.644495900000038, "lr": 0.0001}
{"epoch": 43, "loss": 0.21483688056468964, "val_dice": 0.8888603575115095, "val_iou": 0.8006580791629168, "seconds": 1.6466882999998234, "lr": 0.0001}
{"epoch": 44, "loss": 0.21075499057769775, "val_dice": 0.8887778338047287, "val_iou": 0.8005479084534632, "seconds": 1.667038699999921, "lr": 0.0001}
{"epoch": 45, "loss": 0.2127773016691208, "val_dice": 0.8878877116164106, "val_iou": 0.7991150335541819, "seconds": 1.6528567000000294, "lr": 0.0001}
{"epoch": 46, "loss": 0.21073386073112488, "val_dice": 0.8886385015479306, "val_iou": 0.8003059173400002, "seconds": 1.6483187999997426, "lr": 0.0001}
{"epoch": 47, "loss": 0.2077096700668335, "val_dice": 0.8877110494210927, "val_iou": 0.7987990639842566, "seconds": 1.6615346000003228, "lr": 0.0001}
{"epoch": 48, "loss": 0.20596115291118622, "val_dice": 0.8902571323278092, "val_iou": 0.802915894900724, "seconds": 1.7040347999995902, "lr": 0.0001}
{"epoch": 49, "loss": 0.20582108199596405, "val_dice": 0.8871134589498466, "val_iou": 0.7978731641735137, "seconds": 1.6473019999998542, "lr": 0.0001}
{"epoch": 50, "loss": 0.21097010374069214, "val_dice": 0.8878851547544822, "val_iou": 0.799114405590344, "seconds": 1.6421550000000025, "lr": 0.0001}
{"epoch": 51, "loss": 0.21258704364299774, "val_dice": 0.8864257242641281, "val_iou": 0.7967322648418195, "seconds": 1.6466089000000466, "lr": 0.0001}
{"epoch": 52, "loss": 0.2122182548046112, "val_dice": 0.8897097121511552, "val_iou": 0.8020410504635057, "seconds": 1.6715528999998241, "lr": 0.0001}
{"epoch": 53, "loss": 0.2115284651517868, "val_dice": 0.8866628104695975, "val_iou": 0.7970709794955562, "seconds": 1.6562621000002764, "lr": 0.0001}
{"epoch": 54, "loss": 0.20569555461406708, "val_dice": 0.888974161544186, "val_iou": 0.8008615974807344, "seconds": 1.636862100000144, "lr": 0.0001}
{"epoch": 55, "loss": 0.20139619708061218, "val_dice": 0.8888433925722583, "val_iou": 0.8006390452613981, "seconds": 1.6559228999999505, "lr": 0.0001}
{"epoch": 56, "loss": 0.20300614833831787, "val_dice": 0.8864007772027949, "val_iou": 0.7966658659677348, "seconds": 1.6421113000001242, "lr": 0.0001}
{"epoch": 57, "loss": 0.20136111974716187, "val_dice": 0.8888377816659379, "val_iou": 0.8006566788198235, "seconds": 1.6396531000000323, "lr": 0.0001}
{"epoch": 58, "loss": 0.20115914940834045, "val_dice": 0.886828649671969, "val_iou": 0.7973474223855919, "seconds": 1.6273355999996966, "lr": 0.0001}
{"epoch": 59, "loss": 0.20024631917476654, "val_dice": 0.8898215489381952, "val_iou": 0.8022071944107279, "seconds": 1.6480600999998387, "lr": 0.0001}
{"epoch": 60, "loss": 0.19893139600753784, "val_dice": 0.8895250373526715, "val_iou": 0.8017396338050455, "seconds": 1.5747991000002912, "lr": 0.0001}
{"epoch": 61, "loss": 0.19789519906044006, "val_dice": 0.8873368917777594, "val_iou": 0.7981938455207533, "seconds": 1.576091599999927, "lr": 0.0001}
{"epoch": 62, "loss": 0.19839942455291748, "val_dice": 0.8879904881432993, "val_iou": 0.7992645045571338, "seconds": 1.5650904999997692, "lr": 0.0001}
{"epoch": 63, "loss": 0.20653963088989258, "val_dice": 0.8866325223297209, "val_iou": 0.7970530053564739, "seconds": 1.5649888000002647, "lr": 0.0001}
{"epoch": 64, "loss": 0.19961190223693848, "val_dice": 0.8887887113016621, "val_iou": 0.8005529212803542, "seconds": 1.5758653999996568, "lr": 0.0001}
{"epoch": 65, "loss": 0.19686368107795715, "val_dice": 0.8887626320411581, "val_iou": 0.8005289075110021, "seconds": 1.5832018000000971, "lr": 0.0001}
{"epoch": 66, "loss": 0.1950010508298874, "val_dice": 0.8875091153702201, "val_iou": 0.7984902138807892, "seconds": 1.5685127000001557, "lr": 0.0001}
{"epoch": 67, "loss": 0.1984214037656784, "val_dice": 0.8892044158841166, "val_iou": 0.801180275396908, "seconds": 1.5755259000002297, "lr": 0.0001}
{"epoch": 68, "loss": 0.19611506164073944, "val_dice": 0.8883339973168984, "val_iou": 0.7998245278581104, "seconds": 1.573519000000033, "lr": 0.0001}
{"epoch": 69, "loss": 0.1925775706768036, "val_dice": 0.8885478230866479, "val_iou": 0.8001577844713172, "seconds": 1.5950830000001588, "lr": 0.0001}
{"epoch": 70, "loss": 0.1978340446949005, "val_dice": 0.8866044737798358, "val_iou": 0.7970425624710686, "seconds": 1.5733856000001651, "lr": 0.0001}
{"epoch": 71, "loss": 0.19487003982067108, "val_dice": 0.890383963698175, "val_iou": 0.8031514162078786, "seconds": 1.6256478999998762, "lr": 0.0001}
{"epoch": 72, "loss": 0.19612860679626465, "val_dice": 0.886573145470207, "val_iou": 0.7970162360552808, "seconds": 1.5627893000000768, "lr": 0.0001}
{"epoch": 73, "loss": 0.20026957988739014, "val_dice": 0.8900974607274962, "val_iou": 0.8026444682868543, "seconds": 1.5902015000001484, "lr": 0.0001}
{"epoch": 74, "loss": 0.1973327100276947, "val_dice": 0.8874008335550807, "val_iou": 0.7982303494832224, "seconds": 1.5989239000000453, "lr": 0.0001}
{"epoch": 75, "loss": 0.1951344609260559, "val_dice": 0.8899585572339148, "val_iou": 0.8024196592748434, "seconds": 1.5937739999999394, "lr": 0.0001}
{"epoch": 76, "loss": 0.19193264842033386, "val_dice": 0.88854727774844, "val_iou": 0.8000918605240168, "seconds": 1.571374200000264, "lr": 0.0001}
{"epoch": 77, "loss": 0.19091826677322388, "val_dice": 0.8862541595553802, "val_iou": 0.7965050238734853, "seconds": 1.5699905000001309, "lr": 0.0001}
{"epoch": 78, "loss": 0.1914830207824707, "val_dice": 0.8888463975417724, "val_iou": 0.8006488122430162, "seconds": 1.5889468000000306, "lr": 0.0001}
{"epoch": 79, "loss": 0.1879260540008545, "val_dice": 0.8868246252172127, "val_iou": 0.797341840178525, "seconds": 1.5902169000000868, "lr": 0.0001}
{"epoch": 80, "loss": 0.1883164346218109, "val_dice": 0.8870855092645612, "val_iou": 0.7977824395325553, "seconds": 1.5720093999998426, "lr": 0.0001}
{"epoch": 81, "loss": 0.18823468685150146, "val_dice": 0.8865542636729039, "val_iou": 0.7969429139497132, "seconds": 1.5847569000002295, "lr": 0.0001}
{"epoch": 82, "loss": 0.1878490149974823, "val_dice": 0.8881007786757446, "val_iou": 0.7994431871054271, "seconds": 1.5958138999999392, "lr": 0.0001}
{"epoch": 83, "loss": 0.19013318419456482, "val_dice": 0.8854808386229069, "val_iou": 0.7952180414429961, "seconds": 1.5765551999998024, "lr": 0.0001}
{"epoch": 84, "loss": 0.18691402673721313, "val_dice": 0.8906267886824016, "val_iou": 0.8035225072150455, "seconds": 1.6273407000003317, "lr": 0.0001}
{"epoch": 85, "loss": 0.18634077906608582, "val_dice": 0.8863546188395919, "val_iou": 0.7965961018489807, "seconds": 1.5714654999997038, "lr": 0.0001}
{"epoch": 86, "loss": 0.18563227355480194, "val_dice": 0.8890128368296477, "val_iou": 0.8009044902746629, "seconds": 1.566327999999885, "lr": 0.0001}
{"epoch": 87, "loss": 0.18181779980659485, "val_dice": 0.8850504548499908, "val_iou": 0.794552390574226, "seconds": 1.5766429999998763, "lr": 0.0001}
{"epoch": 88, "loss": 0.1835285872220993, "val_dice": 0.8870590978284073, "val_iou": 0.7977960810727137, "seconds": 1.5871432999997523, "lr": 0.0001}
{"epoch": 89, "loss": 0.18403398990631104, "val_dice": 0.8863776148032988, "val_iou": 0.7966328549149699, "seconds": 1.5533515000001898, "lr": 0.0001}
{"epoch": 90, "loss": 0.18619698286056519, "val_dice": 0.8868745922265834, "val_iou": 0.797495869219819, "seconds": 1.580218799999784, "lr": 0.0001}
{"epoch": 91, "loss": 0.18419323861598969, "val_dice": 0.8839427854048454, "val_iou": 0.7927749739302248, "seconds": 1.6019132000001264, "lr": 0.0001}
{"epoch": 92, "loss": 0.18214672803878784, "val_dice": 0.8893046335163617, "val_iou": 0.801362019014551, "seconds": 1.584839500000271, "lr": 0.0001}
{"epoch": 93, "loss": 0.18391823768615723, "val_dice": 0.8861116485159692, "val_iou": 0.7962266338413834, "seconds": 1.5890042999999423, "lr": 0.0001}
{"epoch": 94, "loss": 0.18267755210399628, "val_dice": 0.8845591493556529, "val_iou": 0.7937775530208381, "seconds": 1.579244000000017, "lr": 0.0001}
{"epoch": 95, "loss": 0.1814230978488922, "val_dice": 0.8878758527158966, "val_iou": 0.7990532839650819, "seconds": 1.5470636000000013, "lr": 0.0001}
{"epoch": 96, "loss": 0.18011943995952606, "val_dice": 0.8867936557304159, "val_iou": 0.7973514760185675, "seconds": 1.5547841000002336, "lr": 0.0001}
{"epoch": 97, "loss": 0.1777162253856659, "val_dice": 0.8849161136402143, "val_iou": 0.7943664558831262, "seconds": 1.578116300000147, "lr": 0.0001}
{"epoch": 98, "loss": 0.1799098700284958, "val_dice": 0.8859974109538791, "val_iou": 0.7960217060747075, "seconds": 1.5716471000000638, "lr": 0.0001}
{"epoch": 99, "loss": 0.17735598981380463, "val_dice": 0.8866086797361419, "val_iou": 0.7970794481593547, "seconds": 1.5193945000000895, "lr": 0.0001}
{"epoch": 100, "loss": 0.17671971023082733, "val_dice": 0.8865880936834758, "val_iou": 0.7969912368129222, "seconds": 1.5241667000000234, "lr": 0.0001}
{"epoch": 101, "loss": 0.17669275403022766, "val_dice": 0.8867395738857013, "val_iou": 0.79726950689477, "seconds": 1.5288491999999678, "lr": 0.0001}
{"epoch": 102, "loss": 0.17557603120803833, "val_dice": 0.8889016697067738, "val_iou": 0.8007829072289105, "seconds": 1.5372330000000147, "lr": 0.0001}
{"epoch": 103, "loss": 0.17552641034126282, "val_dice": 0.8835979029308942, "val_iou": 0.7922536114022874, "seconds": 1.5593113999998423, "lr": 0.0001}
{"epoch": 104, "loss": 0.17536187171936035, "val_dice": 0.8884717733103797, "val_iou": 0.8001270536407521, "seconds": 1.5805175999998937, "lr": 0.0001}
{"epoch": 105, "loss": 0.179329514503479, "val_dice": 0.8853228937787454, "val_iou": 0.794982891729476, "seconds": 1.5666937000000871, "lr": 0.0001}
{"epoch": 106, "loss": 0.17465609312057495, "val_dice": 0.8857172202608675, "val_iou": 0.7956543320518261, "seconds": 1.5671668999998474, "lr": 0.0001}
{"epoch": 107, "loss": 0.17372968792915344, "val_dice": 0.8841655287109027, "val_iou": 0.7931169040117054, "seconds": 1.5583736000003228, "lr": 0.0001}
{"epoch": 108, "loss": 0.17551152408123016, "val_dice": 0.8831176652619304, "val_iou": 0.791518296186798, "seconds": 1.5635900000002039, "lr": 0.0001}
{"epoch": 109, "loss": 0.1736060380935669, "val_dice": 0.8868022097109445, "val_iou": 0.797372399753514, "seconds": 1.5863538999997218, "lr": 0.0001}
{"epoch": 110, "loss": 0.17316994071006775, "val_dice": 0.8835651221054613, "val_iou": 0.7922072444009577, "seconds": 1.5705352999998468, "lr": 0.0001}
{"epoch": 111, "loss": 0.1724589318037033, "val_dice": 0.887936103621495, "val_iou": 0.7992510332504396, "seconds": 1.5783887000002323, "lr": 0.0001}
{"epoch": 112, "loss": 0.17788037657737732, "val_dice": 0.888990385976739, "val_iou": 0.8008571476614891, "seconds": 1.5748718999998346, "lr": 0.0001}
{"epoch": 113, "loss": 0.17820188403129578, "val_dice": 0.8816221641476429, "val_iou": 0.7890439268572267, "seconds": 1.5848386000002392, "lr": 0.0001}
{"epoch": 114, "loss": 0.17326496541500092, "val_dice": 0.8854268461251567, "val_iou": 0.7951843114490029, "seconds": 1.5739437000002, "lr": 0.0001}
{"epoch": 115, "loss": 0.17548927664756775, "val_dice": 0.8905627209880316, "val_iou": 0.8034418351351797, "seconds": 1.5747609000000011, "lr": 0.0001}
{"epoch": 116, "loss": 0.17613857984542847, "val_dice": 0.8880304528410868, "val_iou": 0.7993480659826111, "seconds": 1.56032550000009, "lr": 0.0001}
{"epoch": 117, "loss": 0.1743464469909668, "val_dice": 0.8865425699703964, "val_iou": 0.7969795245491351, "seconds": 1.5881251999999222, "lr": 0.0001}
{"epoch": 118, "loss": 0.17489367723464966, "val_dice": 0.8902565709458885, "val_iou": 0.8029259032093736, "seconds": 1.5613790000002155, "lr": 0.0001}
{"epoch": 119, "loss": 0.17339102923870087, "val_dice": 0.8873204875696099, "val_iou": 0.7981908678420317, "seconds": 1.5608758999997008, "lr": 0.0001}
{"epoch": 120, "loss": 0.1709115207195282, "val_dice": 0.8841929706046054, "val_iou": 0.7932179640704538, "seconds": 1.5861476000000039, "lr": 0.0001}
{"epoch": 121, "loss": 0.17051362991333008, "val_dice": 0.8876764269337779, "val_iou": 0.7987825998363984, "seconds": 1.5628897000001416, "lr": 0.0001}
{"epoch": 122, "loss": 0.17240044474601746, "val_dice": 0.8852968299614208, "val_iou": 0.7948771248376897, "seconds": 1.5759190999997372, "lr": 0.0001}
{"epoch": 123, "loss": 0.17541414499282837, "val_dice": 0.8818584662323576, "val_iou": 0.7895170992819361, "seconds": 1.5617162999997163, "lr": 0.0001}
{"epoch": 124, "loss": 0.16980516910552979, "val_dice": 0.8879290917458666, "val_iou": 0.7991369096698816, "seconds": 1.5753445999998803, "lr": 0.0001}
{"epoch": 125, "loss": 0.17163781821727753, "val_dice": 0.8845936235200811, "val_iou": 0.793789295041843, "seconds": 1.5290343000001485, "lr": 0.0001}
{"epoch": 126, "loss": 0.1687309592962265, "val_dice": 0.8871998464799837, "val_iou": 0.7979906679553128, "seconds": 1.5786162999997941, "lr": 0.0001}
{"epoch": 127, "loss": 0.1681590974330902, "val_dice": 0.887578174961938, "val_iou": 0.7986510347513989, "seconds": 1.5785028999998758, "lr": 0.0001}
{"epoch": 128, "loss": 0.17116819322109222, "val_dice": 0.8930041631669413, "val_iou": 0.8074189487466551, "seconds": 1.6127160999999433, "lr": 0.0001}
{"epoch": 129, "loss": 0.17259947955608368, "val_dice": 0.8843005337041709, "val_iou": 0.7933726496157321, "seconds": 1.5056226000001516, "lr": 0.0001}
{"epoch": 130, "loss": 0.1722036600112915, "val_dice": 0.8882197403823231, "val_iou": 0.799686738656753, "seconds": 1.5185359000001881, "lr": 0.0001}
{"epoch": 131, "loss": 0.17179237306118011, "val_dice": 0.8851582828845039, "val_iou": 0.7947625198121235, "seconds": 1.510697799999889, "lr": 0.0001}
{"epoch": 132, "loss": 0.1695447415113449, "val_dice": 0.8856777059531923, "val_iou": 0.7955923716395942, "seconds": 1.539456599999994, "lr": 0.0001}
{"epoch": 133, "loss": 0.1691388189792633, "val_dice": 0.8834642902413496, "val_iou": 0.7919982638714776, "seconds": 6.60062169999992, "lr": 0.0001}
{"epoch": 134, "loss": 0.16935984790325165, "val_dice": 0.8845492913241337, "val_iou": 0.7938559343720226, "seconds": 1.5462155000000166, "lr": 0.0001}
{"epoch": 135, "loss": 0.16694092750549316, "val_dice": 0.8874968249130328, "val_iou": 0.7984971225004226, "seconds": 1.5213094999999157, "lr": 0.0001}
{"epoch": 136, "loss": 0.16631589829921722, "val_dice": 0.8850576633048112, "val_iou": 0.7945905635594751, "seconds": 1.7182307000002766, "lr": 0.0001}
{"epoch": 137, "loss": 0.16437920928001404, "val_dice": 0.8874049110491108, "val_iou": 0.7983447253282878, "seconds": 1.7079224999997678, "lr": 0.0001}
{"epoch": 138, "loss": 0.16446638107299805, "val_dice": 0.8875063151707479, "val_iou": 0.7984717204909362, "seconds": 1.5769218999998884, "lr": 0.0001}
{"epoch": 139, "loss": 0.163802370429039, "val_dice": 0.8874496616111928, "val_iou": 0.7983883173003816, "seconds": 1.5576335999999174, "lr": 0.0001}
{"epoch": 140, "loss": 0.16519075632095337, "val_dice": 0.8880811444999409, "val_iou": 0.7994013631130452, "seconds": 1.5885195999999269, "lr": 0.0001}
{"epoch": 141, "loss": 0.16793403029441833, "val_dice": 0.8857012217830841, "val_iou": 0.7956540033775483, "seconds": 1.6018380000000434, "lr": 0.0001}
{"epoch": 142, "loss": 0.16624613106250763, "val_dice": 0.8877308878669324, "val_iou": 0.7989877366738444, "seconds": 1.625092599999789, "lr": 0.0001}
{"epoch": 143, "loss": 0.16843292117118835, "val_dice": 0.8825673672593932, "val_iou": 0.7904294417529607, "seconds": 1.623255699999845, "lr": 0.0001}
{"epoch": 144, "loss": 0.16565366089344025, "val_dice": 0.8845405813579421, "val_iou": 0.7937819633802039, "seconds": 1.6128705000000991, "lr": 0.0001}
{"epoch": 145, "loss": 0.16600000858306885, "val_dice": 0.8879274115728049, "val_iou": 0.7991927346888645, "seconds": 1.610661799999889, "lr": 0.0001}
{"epoch": 146, "loss": 0.16425465047359467, "val_dice": 0.8867336721966657, "val_iou": 0.797307504787694, "seconds": 1.6225196999998843, "lr": 0.0001}
{"epoch": 147, "loss": 0.16433905065059662, "val_dice": 0.8877929293233333, "val_iou": 0.7990536571681339, "seconds": 1.6000285000000076, "lr": 0.0001}
{"epoch": 148, "loss": 0.16208496689796448, "val_dice": 0.8859311993072645, "val_iou": 0.7959692746385525, "seconds": 1.6000512000000526, "lr": 0.0001}
{"epoch": 149, "loss": 0.16114355623722076, "val_dice": 0.8892015424790274, "val_iou": 0.8012527671850103, "seconds": 1.6088377000000946, "lr": 0.0001}
{"epoch": 150, "loss": 0.15992669761180878, "val_dice": 0.8863414535965926, "val_iou": 0.7967020357497699, "seconds": 1.586357499999849, "lr": 0.0001}
{"epoch": 151, "loss": 0.16133469343185425, "val_dice": 0.8896597624448156, "val_iou": 0.8019313239154586, "seconds": 1.6048903000000792, "lr": 0.0001}
{"epoch": 152, "loss": 0.16259828209877014, "val_dice": 0.8885404147562164, "val_iou": 0.8001467236614297, "seconds": 1.5880959000000985, "lr": 0.0001}
{"epoch": 153, "loss": 0.16126124560832977, "val_dice": 0.8855962268914384, "val_iou": 0.7954609644781535, "seconds": 1.6056486000002224, "lr": 0.0001}
{"epoch": 154, "loss": 0.15994367003440857, "val_dice": 0.888181314977758, "val_iou": 0.7996320551586805, "seconds": 1.604712599999857, "lr": 0.0001}
{"epoch": 155, "loss": 0.15925943851470947, "val_dice": 0.8909712425283272, "val_iou": 0.8040987497344282, "seconds": 1.624839200000224, "lr": 0.0001}
{"epoch": 156, "loss": 0.1609121561050415, "val_dice": 0.8801675418773623, "val_iou": 0.7868095681562464, "seconds": 1.6322242000001097, "lr": 0.0001}
{"epoch": 157, "loss": 0.15995076298713684, "val_dice": 0.8875500420411312, "val_iou": 0.7986409624325268, "seconds": 1.6019925000000512, "lr": 0.0001}
{"epoch": 158, "loss": 0.15942524373531342, "val_dice": 0.8885239717286916, "val_iou": 0.8001798617977033, "seconds": 1.567098800000167, "lr": 0.0001}
{"epoch": 159, "loss": 0.15902568399906158, "val_dice": 0.8875576799772262, "val_iou": 0.7986498387306172, "seconds": 1.5762730000001284, "lr": 0.0001}
{"epoch": 160, "loss": 0.15726003050804138, "val_dice": 0.8840440828715295, "val_iou": 0.792874814961986, "seconds": 1.6368037000002005, "lr": 0.0001}
{"epoch": 161, "loss": 0.161606103181839, "val_dice": 0.8862241571716325, "val_iou": 0.7964395384333381, "seconds": 1.5876952000003257, "lr": 0.0001}
{"epoch": 162, "loss": 0.15790776908397675, "val_dice": 0.8904428403498239, "val_iou": 0.8032968665891027, "seconds": 1.638162199999897, "lr": 0.0001}
{"epoch": 163, "loss": 0.1601771116256714, "val_dice": 0.8834440071223597, "val_iou": 0.7921173913570566, "seconds": 3.219270399999914, "lr": 0.0001}
{"epoch": 164, "loss": 0.1581360250711441, "val_dice": 0.8894268784116234, "val_iou": 0.8016553889922552, "seconds": 4.592300599999817, "lr": 0.0001}
{"epoch": 165, "loss": 0.15743717551231384, "val_dice": 0.8874561036003392, "val_iou": 0.7984793713792435, "seconds": 5.889254700000038, "lr": 0.0001}
{"epoch": 166, "loss": 0.1587005853652954, "val_dice": 0.8838431381970007, "val_iou": 0.7927082037944921, "seconds": 8.522467000000233, "lr": 0.0001}
{"epoch": 167, "loss": 0.15698716044425964, "val_dice": 0.8875760156477727, "val_iou": 0.7986439690584773, "seconds": 6.837268700000095, "lr": 0.0001}
{"epoch": 168, "loss": 0.15481969714164734, "val_dice": 0.8893263166570995, "val_iou": 0.8014583847436676, "seconds": 6.2504093000002285, "lr": 0.0001}
{"epoch": 169, "loss": 0.15543976426124573, "val_dice": 0.8901007577103772, "val_iou": 0.8027478107775796, "seconds": 3.9998593000000255, "lr": 0.0001}
{"epoch": 170, "loss": 0.15566842257976532, "val_dice": 0.8905304815401702, "val_iou": 0.803395423922449, "seconds": 8.346563100000367, "lr": 0.0001}
{"epoch": 171, "loss": 0.1537245661020279, "val_dice": 0.8867782692940607, "val_iou": 0.7973956803416399, "seconds": 8.492167599999902, "lr": 0.0001}
{"epoch": 172, "loss": 0.15382444858551025, "val_dice": 0.888536837878853, "val_iou": 0.800303347044658, "seconds": 5.122788500000297, "lr": 0.0001}
{"epoch": 173, "loss": 0.1544952690601349, "val_dice": 0.887994011956656, "val_iou": 0.799359512032741, "seconds": 6.444034199999805, "lr": 0.0001}
{"epoch": 174, "loss": 0.15438133478164673, "val_dice": 0.887579962764456, "val_iou": 0.7987154944863759, "seconds": 6.266223399999944, "lr": 0.0001}
{"epoch": 175, "loss": 0.1549571454524994, "val_dice": 0.8882985014287801, "val_iou": 0.7998505152094303, "seconds": 4.0491047000000435, "lr": 0.0001}
{"epoch": 176, "loss": 0.15459565818309784, "val_dice": 0.8915907692787477, "val_iou": 0.8051416306918444, "seconds": 4.50285520000034, "lr": 0.0001}
{"epoch": 177, "loss": 0.15820561349391937, "val_dice": 0.889665676788371, "val_iou": 0.8019483776628272, "seconds": 1.575702099999944, "lr": 0.0001}
{"epoch": 178, "loss": 0.15654587745666504, "val_dice": 0.8898149412751646, "val_iou": 0.8023029440396133, "seconds": 1.5615073000003576, "lr": 0.0001}
{"epoch": 179, "loss": 0.1572715938091278, "val_dice": 0.8877434782896196, "val_iou": 0.7989278627088631, "seconds": 1.584581900000103, "lr": 0.0001}
{"epoch": 180, "loss": 0.15996664762496948, "val_dice": 0.8885221497419908, "val_iou": 0.8002425233787124, "seconds": 1.5666180000002896, "lr": 0.0001}
{"epoch": 181, "loss": 0.15609826147556305, "val_dice": 0.884147550804987, "val_iou": 0.7932140400263648, "seconds": 1.5782560000002377, "lr": 0.0001}
{"epoch": 182, "loss": 0.15330496430397034, "val_dice": 0.8891297102600838, "val_iou": 0.8011372957493983, "seconds": 1.5543269999998302, "lr": 0.0001}
{"epoch": 183, "loss": 0.15387903153896332, "val_dice": 0.885675815499554, "val_iou": 0.7956526070314407, "seconds": 1.5631024999997862, "lr": 0.0001}
{"epoch": 184, "loss": 0.15202508866786957, "val_dice": 0.8873787498453899, "val_iou": 0.7984214980002429, "seconds": 1.5706632000001264, "lr": 0.0001}
{"epoch": 185, "loss": 0.15070275962352753, "val_dice": 0.8872888657398663, "val_iou": 0.7982538615530648, "seconds": 1.5621621000000232, "lr": 0.0001}
{"epoch": 186, "loss": 0.15331020951271057, "val_dice": 0.8854699952564679, "val_iou": 0.7953800706117007, "seconds": 1.5677858000003653, "lr": 0.0001}
{"epoch": 187, "loss": 0.152645081281662, "val_dice": 0.8876529600017896, "val_iou": 0.7988294215521692, "seconds": 1.5762097000001631, "lr": 0.0001}
{"epoch": 188, "loss": 0.15341633558273315, "val_dice": 0.8895205180466119, "val_iou": 0.8018623396162443, "seconds": 1.5601529999999002, "lr": 0.0001}
{"epoch": 189, "loss": 0.1521584689617157, "val_dice": 0.8894005041653837, "val_iou": 0.8015995681728397, "seconds": 1.5745879999999488, "lr": 0.0001}
{"epoch": 190, "loss": 0.15409430861473083, "val_dice": 0.8862179067256718, "val_iou": 0.7965816873052695, "seconds": 1.5623797999996896, "lr": 0.0001}
{"epoch": 191, "loss": 0.15363608300685883, "val_dice": 0.8829193856055343, "val_iou": 0.7910713357142957, "seconds": 1.5785673999998835, "lr": 0.0001}
{"epoch": 192, "loss": 0.1530347466468811, "val_dice": 0.8814998302897641, "val_iou": 0.7888689289105769, "seconds": 1.5941634999999224, "lr": 0.0001}
{"epoch": 193, "loss": 0.1535043567419052, "val_dice": 0.8849679717015935, "val_iou": 0.7942878755951113, "seconds": 1.5959536999998818, "lr": 0.0001}
{"epoch": 194, "loss": 0.1510199010372162, "val_dice": 0.8868698394111225, "val_iou": 0.7974925212746682, "seconds": 1.6053235000003951, "lr": 0.0001}
{"epoch": 195, "loss": 0.15082098543643951, "val_dice": 0.8928403968071367, "val_iou": 0.8071131361108688, "seconds": 1.5751831999996284, "lr": 0.0001}
{"epoch": 196, "loss": 0.15027880668640137, "val_dice": 0.8886659459036326, "val_iou": 0.8005058420949349, "seconds": 1.6033677000000353, "lr": 0.0001}
{"epoch": 197, "loss": 0.14925532042980194, "val_dice": 0.8919619311665714, "val_iou": 0.8057495352703999, "seconds": 1.5722881000001507, "lr": 0.0001}
{"epoch": 198, "loss": 0.15185898542404175, "val_dice": 0.8823251175601758, "val_iou": 0.7904992029840643, "seconds": 1.5775336000001516, "lr": 0.0001}
{"epoch": 199, "loss": 0.1518407016992569, "val_dice": 0.8866511516861344, "val_iou": 0.7972215402578665, "seconds": 1.5954615999999078, "lr": 0.0001}
{"epoch": 200, "loss": 0.15315371751785278, "val_dice": 0.8879279511724059, "val_iou": 0.7992253508802745, "seconds": 1.580707699999948, "lr": 0.0001}
{"status": "completed", "best_epoch": 128, "best_val_dice": 0.8930041631669413, "epochs": 200, "elapsed_seconds": 409.93815369999993, "test": {"normalized": {"n": 21, "dice": 0.8798404667458994, "iou": 0.7858559258990477, "dice_bootstrap95": [0.87264782598032, 0.8866164250361014], "uncertainty_unit": "image; correlated frames may make CI optimistic"}, "fixed_threshold": {"n": 21, "dice": 0.8798404667458994, "iou": 0.7858559258990477, "dice_bootstrap95": [0.87264782598032, 0.8866164250361014], "uncertainty_unit": "image; correlated frames may make CI optimistic"}}, "checkpoint_sha256": "d14c0540b114204bc2e4c173b24995e7d84a7a486abc55fd8cf2551ae48af7f9", "manifest_sha256": "937555ecc441464d6f4994d121e18d42f1d82dce6d04b015e04d029854e9512e"}
